// Jest Snapshot v1, https://goo.gl/fbAQLP

exports[`Map component with defaults parameters 1`] = `
<View
  style={
    Object {
      "bottom": 0,
      "left": 0,
      "position": "absolute",
      "right": 0,
      "top": 0,
    }
  }
>
  <View />
</View>
`;
