// Jest Snapshot v1, https://goo.gl/fbAQLP

exports[`Modal input change component with defaults parameters 1`] = `
<View>
  <Modal
    animationType="fade"
    hardwareAccelerated={false}
    onRequestClose={[Function]}
    transparent={true}
    visible={true}
  >
    <View
      style={
        Object {
          "alignItems": "center",
          "backgroundColor": "rgba(52,52,52,0.8)",
          "flex": 1,
          "justifyContent": "center",
        }
      }
    >
      <View
        style={
          Object {
            "alignItems": "center",
            "backgroundColor": "white",
            "borderRadius": 10,
            "height": 170,
            "marginLeft": 20,
            "marginRight": 20,
            "padding": 10,
          }
        }
      >
        <View>
          <Text>
            
          </Text>
          <View
            style={
              Array [
                Object {
                  "alignItems": "center",
                  "backgroundColor": "white",
                  "borderColor": "white",
                  "borderRadius": 25,
                  "borderWidth": 1,
                  "elevation": 9,
                  "height": 40,
                  "justifyContent": "center",
                  "margin": 10,
                  "shadowColor": "#000",
                  "shadowOffset": Object {
                    "height": 4,
                    "width": 0,
                  },
                  "shadowOpacity": 0.32,
                  "shadowRadius": 5.46,
                  "width": 300,
                },
                Object {},
              ]
            }
          >
            <TextInput
              allowFontScaling={true}
              onChangeText={[Function]}
              placeholder=""
              rejectResponderTermination={true}
              style={
                Object {
                  "height": "100%",
                  "width": "90%",
                }
              }
              underlineColorAndroid="transparent"
              value=""
            />
          </View>
        </View>
        <View
          style={
            Object {
              "flex": 1,
              "flexDirection": "row",
              "marginBottom": 10,
              "marginTop": 10,
            }
          }
        >
          <View
            accessible={true}
            focusable={true}
            isTVSelectable={true}
            onClick={[Function]}
            onResponderGrant={[Function]}
            onResponderMove={[Function]}
            onResponderRelease={[Function]}
            onResponderTerminate={[Function]}
            onResponderTerminationRequest={[Function]}
            onStartShouldSetResponder={[Function]}
            style={
              Object {
                "alignItems": "center",
                "backgroundColor": "#2F74C5",
                "borderColor": "#2F74C5",
                "borderRadius": 20,
                "borderWidth": 1,
                "elevation": 5,
                "height": 42,
                "justifyContent": "center",
                "margin": 10,
                "opacity": 1,
                "shadowColor": "#000",
                "shadowOffset": Object {
                  "height": 2,
                  "width": 0,
                },
                "shadowOpacity": 0.25,
                "shadowRadius": 3.84,
                "width": 160,
              }
            }
          >
            <Text
              style={
                Array [
                  Object {
                    "color": "white",
                  },
                  Object {},
                ]
              }
            >
              apply
            </Text>
          </View>
          <View
            accessible={true}
            focusable={true}
            isTVSelectable={true}
            onClick={[Function]}
            onResponderGrant={[Function]}
            onResponderMove={[Function]}
            onResponderRelease={[Function]}
            onResponderTerminate={[Function]}
            onResponderTerminationRequest={[Function]}
            onStartShouldSetResponder={[Function]}
            style={
              Object {
                "alignItems": "center",
                "backgroundColor": "red",
                "borderColor": "#2F74C5",
                "borderRadius": 20,
                "borderWidth": 1,
                "elevation": 5,
                "height": 42,
                "justifyContent": "center",
                "margin": 10,
                "opacity": 1,
                "shadowColor": "#000",
                "shadowOffset": Object {
                  "height": 2,
                  "width": 0,
                },
                "shadowOpacity": 0.25,
                "shadowRadius": 3.84,
                "width": 160,
              }
            }
          >
            <Text
              style={
                Array [
                  Object {
                    "color": "white",
                  },
                  Object {},
                ]
              }
            >
              cancel
            </Text>
          </View>
        </View>
      </View>
    </View>
  </Modal>
</View>
`;
